src/routes/audit.ts(34,27): error TS2345: Argument of type '(l: AuditLogEntry) => string' is not assignable to parameter of type '(value: Document<unknown, {}, IAuditLog, {}, DefaultSchemaOptions> & IAuditLog & Required<{ _id: ObjectId; }> & { ...; } & { ...; }, index: number, array: (Document<...> & ... 3 more ... & { ...; })[]) => string'.
  Types of parameters 'l' and 'value' are incompatible.
    Type 'Document<unknown, {}, IAuditLog, {}, DefaultSchemaOptions> & IAuditLog & Required<{ _id: ObjectId; }> & { ...; } & { ...; }' is not assignable to type 'AuditLogEntry'.
      Types of property 'timestamp' are incompatible.
        Type 'Date' is not assignable to type 'string'.
src/store/index.ts(63,13): error TS2769: No overload matches this call.
  The last overload gave the following error.
    Object literal may only specify known properties, and 'id' does not exist in type '{ email?: StringQueryTypeCasting | undefined; passwordHash?: StringQueryTypeCasting | undefined; name?: StringQueryTypeCasting | undefined; ... 64 more ...; validateSync?: { ...; } | ... 1 more ... | undefined; }'.
src/store/index.ts(79,13): error TS2769: No overload matches this call.
  The last overload gave the following error.
    Object literal may only specify known properties, and 'id' does not exist in type '{ email?: StringQueryTypeCasting | undefined; passwordHash?: StringQueryTypeCasting | undefined; name?: StringQueryTypeCasting | undefined; ... 64 more ...; validateSync?: { ...; } | ... 1 more ... | undefined; }'.
